[2026-08-21T22:34:41.497Z] [1] › Detected a change in babel.config.js. Restart the server to see the new results. You may need to clear the bundler cache with the --clear flag for your changes to take effect.
[2026-08-21T22:34:41.498Z] [1] › Detected a change in metro.config.js. Restart the server to see the new results.
[2026-08-21T22:34:41.619Z] ELIFECYCLE  Command failed.
[2026-08-21T22:34:41.619Z] [1]  ELIFECYCLE  Command failed.
[2026-08-21T22:34:41.620Z] [0]  ELIFECYCLE  Command failed.
[2026-08-21T22:34:41.620Z] [0]  WARN   Local package.json exists, but node_modules missing, did you mean to install?
[2026-08-21T22:34:41.620Z] WARN   Local package.json exists, but node_modules missing, did you mean to install?
[2026-08-21T22:34:41.628Z] [0] pnpm dev:server exited with code SIGTERM
[2026-08-21T22:34:41.628Z] --> Sending SIGTERM to other processes..
[2026-08-21T22:34:42.153Z] [ERR_PNPM_NO_PKG_MANIFEST] No package.json found in /home/ubuntu/ai-used-car-checker
[2026-08-21T22:34:42.174Z] [1] pnpm dev:metro exited with code SIGTERM
[2026-08-21T22:34:42.210Z] [ERROR] Command failed with exit code 1: pnpm install
[2026-08-21T22:34:42.210Z] pnpm: Command failed with exit code 1: pnpm install
[2026-08-21T22:34:42.210Z] at getFinalError (file:///home/ubuntu/.nvm/versions/node/v22.13.0/lib/node_modules/pnpm/dist/pnpm.mjs:89001:14)
[2026-08-21T22:34:42.210Z] at makeError (file:///home/ubuntu/.nvm/versions/node/v22.13.0/lib/node_modules/pnpm/dist/pnpm.mjs:91308:21)
[2026-08-21T22:34:42.210Z] at getSyncResult (file:///home/ubuntu/.nvm/versions/node/v22.13.0/lib/node_modules/pnpm/dist/pnpm.mjs:93152:10)
[2026-08-21T22:34:42.210Z] at spawnSubprocessSync (file:///home/ubuntu/.nvm/versions/node/v22.13.0/lib/node_modules/pnpm/dist/pnpm.mjs:93112:14)
[2026-08-21T22:34:42.210Z] at execaCoreSync (file:///home/ubuntu/.nvm/versions/node/v22.13.0/lib/node_modules/pnpm/dist/pnpm.mjs:93042:23)
[2026-08-21T22:34:42.210Z] at callBoundExeca (file:///home/ubuntu/.nvm/versions/node/v22.13.0/lib/node_modules/pnpm/dist/pnpm.mjs:95570:23)
[2026-08-21T22:34:42.210Z] at boundExeca (file:///home/ubuntu/.nvm/versions/node/v22.13.0/lib/node_modules/pnpm/dist/pnpm.mjs:95547:49)
[2026-08-21T22:34:42.210Z] at sync2 (file:///home/ubuntu/.nvm/versions/node/v22.13.0/lib/node_modules/pnpm/dist/pnpm.mjs:95702:14)
[2026-08-21T22:34:42.210Z] at runPnpmCli (file:///home/ubuntu/.nvm/versions/node/v22.13.0/lib/node_modules/pnpm/dist/pnpm.mjs:252538:5)
[2026-08-21T22:34:42.210Z] at runDepsStatusCheck (file:///home/ubuntu/.nvm/versions/node/v22.13.0/lib/node_modules/pnpm/dist/pnpm.mjs:254302:7)
[2026-08-21T22:34:42.215Z] Dev server exited with code -1
[2026-08-21T22:34:43.346Z] Starting dev server with command: pnpm run dev
[2026-08-21T22:34:43.832Z] [ERR_PNPM_NO_IMPORTER_MANIFEST_FOUND] No package.json (or package.yaml, or package.json5) was found in "/home/ubuntu/ai-used-car-checker".
[2026-08-21T22:34:43.852Z] Dev server exited with code 1
[2026-08-21T22:35:19.776Z] Starting dev server with command: pnpm run dev
[2026-08-21T22:35:20.307Z] [ERR_PNPM_NO_IMPORTER_MANIFEST_FOUND] No package.json (or package.yaml, or package.json5) was found in "/home/ubuntu/ai-used-car-checker".
[2026-08-21T22:35:20.326Z] Dev server exited with code 1
[2026-08-21T22:35:31.034Z] Starting dev server with command: pnpm run dev
[2026-08-21T22:35:31.514Z] [ERR_PNPM_NO_IMPORTER_MANIFEST_FOUND] No package.json (or package.yaml, or package.json5) was found in "/home/ubuntu/ai-used-car-checker".
[2026-08-21T22:35:31.534Z] Dev server exited with code 1
[2026-08-21T22:38:15.581Z] Starting dev server with command: pnpm run dev
[2026-08-21T22:38:16.116Z] [ERR_PNPM_NO_SCRIPT] Missing script: dev
[2026-08-21T22:38:16.116Z] Command "dev" not found.
[2026-08-21T22:38:16.135Z] Dev server exited with code 1
[2026-08-21T22:38:20.220Z] Starting dev server with command: pnpm run dev
[2026-08-21T22:38:20.749Z] [ERR_PNPM_NO_SCRIPT] Missing script: dev
[2026-08-21T22:38:20.749Z] Command "dev" not found.
[2026-08-21T22:38:20.767Z] Dev server exited with code 1
[2026-08-21T22:38:48.512Z] Starting dev server with command: pnpm run dev
[2026-08-21T22:38:49.056Z] [ERR_PNPM_NO_SCRIPT] Missing script: dev
[2026-08-21T22:38:49.057Z] Command "dev" not found.
[2026-08-21T22:38:49.075Z] Dev server exited with code 1
[2026-08-21T22:39:01.951Z] Starting dev server with command: pnpm run dev
[2026-08-21T22:39:02.522Z] [ERR_PNPM_NO_SCRIPT] Missing script: dev
[2026-08-21T22:39:02.522Z] Command "dev" not found.
[2026-08-21T22:39:02.540Z] Dev server exited with code 1
[2026-08-21T22:39:18.670Z] Starting dev server with command: pnpm run dev
[2026-08-21T22:39:19.251Z] [ERR_PNPM_NO_SCRIPT] Missing script: dev
[2026-08-21T22:39:19.251Z] Command "dev" not found.
[2026-08-21T22:39:19.271Z] Dev server exited with code 1
[2026-08-21T22:39:32.500Z] Starting dev server with command: pnpm run dev
[2026-08-21T22:39:33.045Z] [ERR_PNPM_NO_SCRIPT] Missing script: dev
[2026-08-21T22:39:33.045Z] Command "dev" not found.
[2026-08-21T22:39:33.066Z] Dev server exited with code 1
[2026-08-21T22:39:40.476Z] Starting dev server with command: pnpm run dev
[2026-08-21T22:39:41.022Z] [ERR_PNPM_NO_SCRIPT] Missing script: dev
[2026-08-21T22:39:41.022Z] Command "dev" not found.
[2026-08-21T22:39:41.040Z] Dev server exited with code 1
